Copyright 1986-2022 Xilinx, Inc. All Rights Reserved. Copyright 2022-2026 Advanced Micro Devices, Inc. All Rights Reserved.
--------------------------------------------------------------------------------------------------------------------------------------------------
| Tool Version      : Vivado v.2025.2.1 (lin64) Build 6403652 Thu Mar 19 13:47:00 MDT 2026
| Date              : Sun May  3 13:58:27 2026
| Host              : cachyos-ybi-tuf running 64-bit CachyOS
| Command           : report_timing_summary -file /home/ybi/WaveTensor/synth/reports/pod_2x2_2x2_synth_timing.rpt
| Design            : Pod
| Device            : xcau25p-ffvb676
| Speed File        : -2  PRODUCTION 1.29 05-01-2022
| Design State      : Synthesized
| Temperature Grade : E
--------------------------------------------------------------------------------------------------------------------------------------------------

Timing Summary Report

------------------------------------------------------------------------------------------------
| Timer Settings
| --------------
------------------------------------------------------------------------------------------------

  Enable Multi Corner Analysis               :  Yes
  Enable Pessimism Removal                   :  Yes
  Pessimism Removal Resolution               :  Nearest Common Node
  Enable Input Delay Default Clock           :  No
  Enable Preset / Clear Arcs                 :  No
  Disable Flight Delays                      :  No
  Ignore I/O Paths                           :  No
  Timing Early Launch at Borrowing Latches   :  No
  Borrow Time for Max Delay Exceptions       :  Yes
  Merge Timing Exceptions                    :  Yes
  Inter-SLR Compensation                     :  Conservative

  Corner  Analyze    Analyze    
  Name    Max Paths  Min Paths  
  ------  ---------  ---------  
  Slow    Yes        Yes        
  Fast    Yes        Yes        


------------------------------------------------------------------------------------------------
| Report Methodology
| ------------------
------------------------------------------------------------------------------------------------

No report available as report_methodology has not been run prior. Run report_methodology on the current design for the summary of methodology violations.



check_timing report

Table of Contents
-----------------
1. checking no_clock (0)
2. checking constant_clock (0)
3. checking pulse_width_clock (0)
4. checking unconstrained_internal_endpoints (0)
5. checking no_input_delay (619)
6. checking no_output_delay (212)
7. checking multiple_clock (0)
8. checking generated_clocks (0)
9. checking loops (0)
10. checking partial_input_delay (0)
11. checking partial_output_delay (0)
12. checking latch_loops (0)

1. checking no_clock (0)
------------------------
 There are 0 register/latch pins with no clock.


2. checking constant_clock (0)
------------------------------
 There are 0 register/latch pins with constant_clock.


3. checking pulse_width_clock (0)
---------------------------------
 There are 0 register/latch pins which need pulse_width check


4. checking unconstrained_internal_endpoints (0)
------------------------------------------------
 There are 0 pins that are not constrained for maximum delay.

 There are 0 pins that are not constrained for maximum delay due to constant clock.


5. checking no_input_delay (619)
--------------------------------
 There are 618 input ports with no input delay specified. (HIGH)

 There is 1 input port with no input delay but user has a false path constraint. (MEDIUM)


6. checking no_output_delay (212)
---------------------------------
 There are 212 ports with no output delay specified. (HIGH)

 There are 0 ports with no output delay but user has a false path constraint

 There are 0 ports with no output delay but with a timing clock defined on it or propagating through it


7. checking multiple_clock (0)
------------------------------
 There are 0 register/latch pins with multiple clocks.


8. checking generated_clocks (0)
--------------------------------
 There are 0 generated clocks that are not connected to a clock source.


9. checking loops (0)
---------------------
 There are 0 combinational loops in the design.


10. checking partial_input_delay (0)
------------------------------------
 There are 0 input ports with partial input delay specified.


11. checking partial_output_delay (0)
-------------------------------------
 There are 0 ports with partial output delay specified.


12. checking latch_loops (0)
----------------------------
 There are 0 combinational latch loops in the design through latch input



------------------------------------------------------------------------------------------------
| Design Timing Summary
| ---------------------
------------------------------------------------------------------------------------------------

    WNS(ns)      TNS(ns)  TNS Failing Endpoints  TNS Total Endpoints      WHS(ns)      THS(ns)  THS Failing Endpoints  THS Total Endpoints     WPWS(ns)     TPWS(ns)  TPWS Failing Endpoints  TPWS Total Endpoints  
    -------      -------  ---------------------  -------------------      -------      -------  ---------------------  -------------------     --------     --------  ----------------------  --------------------  
      4.778        0.000                      0                26872        0.057        0.000                      0                26872        4.468        0.000                       0                 14340  


All user specified timing constraints are met.


------------------------------------------------------------------------------------------------
| Clock Summary
| -------------
------------------------------------------------------------------------------------------------

Clock  Waveform(ns)       Period(ns)      Frequency(MHz)
-----  ------------       ----------      --------------
clk    {0.000 5.000}      10.000          100.000         


------------------------------------------------------------------------------------------------
| Intra Clock Table
| -----------------
------------------------------------------------------------------------------------------------

Clock             WNS(ns)      TNS(ns)  TNS Failing Endpoints  TNS Total Endpoints      WHS(ns)      THS(ns)  THS Failing Endpoints  THS Total Endpoints     WPWS(ns)     TPWS(ns)  TPWS Failing Endpoints  TPWS Total Endpoints  
-----             -------      -------  ---------------------  -------------------      -------      -------  ---------------------  -------------------     --------     --------  ----------------------  --------------------  
clk                 4.778        0.000                      0                26872        0.057        0.000                      0                26872        4.468        0.000                       0                 14340  


------------------------------------------------------------------------------------------------
| Inter Clock Table
| -----------------
------------------------------------------------------------------------------------------------

From Clock    To Clock          WNS(ns)      TNS(ns)  TNS Failing Endpoints  TNS Total Endpoints      WHS(ns)      THS(ns)  THS Failing Endpoints  THS Total Endpoints  
----------    --------          -------      -------  ---------------------  -------------------      -------      -------  ---------------------  -------------------  


------------------------------------------------------------------------------------------------
| Other Path Groups Table
| -----------------------
------------------------------------------------------------------------------------------------

Path Group    From Clock    To Clock          WNS(ns)      TNS(ns)  TNS Failing Endpoints  TNS Total Endpoints      WHS(ns)      THS(ns)  THS Failing Endpoints  THS Total Endpoints  
----------    ----------    --------          -------      -------  ---------------------  -------------------      -------      -------  ---------------------  -------------------  


------------------------------------------------------------------------------------------------
| Timing Details
| --------------
------------------------------------------------------------------------------------------------


---------------------------------------------------------------------------------------------------
From Clock:  clk
  To Clock:  clk

Setup :            0  Failing Endpoints,  Worst Slack        4.778ns,  Total Violation        0.000ns
Hold  :            0  Failing Endpoints,  Worst Slack        0.057ns,  Total Violation        0.000ns
PW    :            0  Failing Endpoints,  Worst Slack        4.468ns,  Total Violation        0.000ns
---------------------------------------------------------------------------------------------------


Max Delay Paths
--------------------------------------------------------------------------------------
Slack (MET) :             4.778ns  (required time - arrival time)
  Source:                 g_crow[0].g_ccol[0].u_cluster/u_ehdec/dec_input_payload_reg[55]/C
                            (rising edge-triggered cell FDCE clocked by clk  {rise@0.000ns fall@5.000ns period=10.000ns})
  Destination:            g_crow[0].g_ccol[0].u_cluster/u_matmul_unit/output_payload_reg[2]/D
                            (rising edge-triggered cell FDCE clocked by clk  {rise@0.000ns fall@5.000ns period=10.000ns})
  Path Group:             clk
  Path Type:              Setup (Max at Slow Process Corner)
  Requirement:            10.000ns  (clk rise@10.000ns - clk rise@0.000ns)
  Data Path Delay:        5.203ns  (logic 3.934ns (75.610%)  route 1.269ns (24.390%))
  Logic Levels:           17  (DSP_A_B_DATA=1 DSP_ALU=4 DSP_M_DATA=1 DSP_MULTIPLIER=1 DSP_OUTPUT=4 DSP_PREADD_DATA=1 LUT3=1 LUT5=1 LUT6=3)
  Clock Path Skew:        -0.009ns (DCD - SCD + CPR)
    Destination Clock Delay (DCD):    0.021ns = ( 10.021 - 10.000 ) 
    Source Clock Delay      (SCD):    0.030ns
    Clock Pessimism Removal (CPR):    0.000ns
  Clock Uncertainty:      0.035ns  ((TSJ^2 + TIJ^2)^1/2 + DJ) / 2 + PE
    Total System Jitter     (TSJ):    0.071ns
    Total Input Jitter      (TIJ):    0.000ns
    Discrete Jitter          (DJ):    0.000ns
    Phase Error              (PE):    0.000ns

    Location             Delay type                Incr(ns)  Path(ns)    Netlist Resource(s)
  -------------------------------------------------------------------    -------------------
                         (clock clk rise edge)        0.000     0.000 r  
                                                      0.000     0.000 r  clk (IN)
                         net (fo=14579, unset)        0.030     0.030    g_crow[0].g_ccol[0].u_cluster/u_ehdec/clk
                         FDCE                                         r  g_crow[0].g_ccol[0].u_cluster/u_ehdec/dec_input_payload_reg[55]/C
  -------------------------------------------------------------------    -------------------
                         FDCE (Prop_FDCE_C_Q)         0.077     0.107 f  g_crow[0].g_ccol[0].u_cluster/u_ehdec/dec_input_payload_reg[55]/Q
                         net (fo=303, unplaced)       0.314     0.421    g_crow[0].g_ccol[0].u_cluster/u_matmul_unit/matmul_func_return1__3/A[7]
                         DSP_A_B_DATA (Prop_DSP_A_B_DATA_A[7]_A2_DATA[7])
                                                      0.192     0.613 r  g_crow[0].g_ccol[0].u_cluster/u_matmul_unit/matmul_func_return1__3/DSP_A_B_DATA_INST/A2_DATA[7]
                         net (fo=1, unplaced)         0.000     0.613    g_crow[0].g_ccol[0].u_cluster/u_matmul_unit/matmul_func_return1__3/DSP_A_B_DATA.A2_DATA<7>
                         DSP_PREADD_DATA (Prop_DSP_PREADD_DATA_A2_DATA[7]_A2A1[7])
                                                      0.076     0.689 r  g_crow[0].g_ccol[0].u_cluster/u_matmul_unit/matmul_func_return1__3/DSP_PREADD_DATA_INST/A2A1[7]
                         net (fo=1, unplaced)         0.000     0.689    g_crow[0].g_ccol[0].u_cluster/u_matmul_unit/matmul_func_return1__3/DSP_PREADD_DATA.A2A1<7>
                         DSP_MULTIPLIER (Prop_DSP_MULTIPLIER_A2A1[7]_U[28])
                                                      0.505     1.194 f  g_crow[0].g_ccol[0].u_cluster/u_matmul_unit/matmul_func_return1__3/DSP_MULTIPLIER_INST/U[28]
                         net (fo=1, unplaced)         0.000     1.194    g_crow[0].g_ccol[0].u_cluster/u_matmul_unit/matmul_func_return1__3/DSP_MULTIPLIER.U<28>
                         DSP_M_DATA (Prop_DSP_M_DATA_U[28]_U_DATA[28])
                                                      0.047     1.241 r  g_crow[0].g_ccol[0].u_cluster/u_matmul_unit/matmul_func_return1__3/DSP_M_DATA_INST/U_DATA[28]
                         net (fo=1, unplaced)         0.000     1.241    g_crow[0].g_ccol[0].u_cluster/u_matmul_unit/matmul_func_return1__3/DSP_M_DATA.U_DATA<28>
                         DSP_ALU (Prop_DSP_ALU_U_DATA[28]_ALU_OUT[47])
                                                      0.585     1.826 f  g_crow[0].g_ccol[0].u_cluster/u_matmul_unit/matmul_func_return1__3/DSP_ALU_INST/ALU_OUT[47]
                         net (fo=1, unplaced)         0.000     1.826    g_crow[0].g_ccol[0].u_cluster/u_matmul_unit/matmul_func_return1__3/DSP_ALU.ALU_OUT<47>
                         DSP_OUTPUT (Prop_DSP_OUTPUT_ALU_OUT[47]_PCOUT[47])
                                                      0.122     1.948 r  g_crow[0].g_ccol[0].u_cluster/u_matmul_unit/matmul_func_return1__3/DSP_OUTPUT_INST/PCOUT[47]
                         net (fo=1, unplaced)         0.014     1.962    g_crow[0].g_ccol[0].u_cluster/u_matmul_unit/einsum_dot_return0/PCIN[47]
                         DSP_ALU (Prop_DSP_ALU_PCIN[47]_ALU_OUT[47])
                                                      0.546     2.508 f  g_crow[0].g_ccol[0].u_cluster/u_matmul_unit/einsum_dot_return0/DSP_ALU_INST/ALU_OUT[47]
                         net (fo=1, unplaced)         0.000     2.508    g_crow[0].g_ccol[0].u_cluster/u_matmul_unit/einsum_dot_return0/DSP_ALU.ALU_OUT<47>
                         DSP_OUTPUT (Prop_DSP_OUTPUT_ALU_OUT[47]_PCOUT[47])
                                                      0.122     2.630 r  g_crow[0].g_ccol[0].u_cluster/u_matmul_unit/einsum_dot_return0/DSP_OUTPUT_INST/PCOUT[47]
                         net (fo=1, unplaced)         0.014     2.644    g_crow[0].g_ccol[0].u_cluster/u_matmul_unit/einsum_dot_return0__0/PCIN[47]
                         DSP_ALU (Prop_DSP_ALU_PCIN[47]_ALU_OUT[47])
                                                      0.546     3.190 f  g_crow[0].g_ccol[0].u_cluster/u_matmul_unit/einsum_dot_return0__0/DSP_ALU_INST/ALU_OUT[47]
                         net (fo=1, unplaced)         0.000     3.190    g_crow[0].g_ccol[0].u_cluster/u_matmul_unit/einsum_dot_return0__0/DSP_ALU.ALU_OUT<47>
                         DSP_OUTPUT (Prop_DSP_OUTPUT_ALU_OUT[47]_PCOUT[47])
                                                      0.122     3.312 r  g_crow[0].g_ccol[0].u_cluster/u_matmul_unit/einsum_dot_return0__0/DSP_OUTPUT_INST/PCOUT[47]
                         net (fo=1, unplaced)         0.014     3.326    g_crow[0].g_ccol[0].u_cluster/u_matmul_unit/einsum_dot_return0__1/PCIN[47]
                         DSP_ALU (Prop_DSP_ALU_PCIN[47]_ALU_OUT[2])
                                                      0.546     3.872 f  g_crow[0].g_ccol[0].u_cluster/u_matmul_unit/einsum_dot_return0__1/DSP_ALU_INST/ALU_OUT[2]
                         net (fo=1, unplaced)         0.000     3.872    g_crow[0].g_ccol[0].u_cluster/u_matmul_unit/einsum_dot_return0__1/DSP_ALU.ALU_OUT<2>
                         DSP_OUTPUT (Prop_DSP_OUTPUT_ALU_OUT[2]_P[2])
                                                      0.109     3.981 r  g_crow[0].g_ccol[0].u_cluster/u_matmul_unit/einsum_dot_return0__1/DSP_OUTPUT_INST/P[2]
                         net (fo=1, unplaced)         0.166     4.147    g_crow[0].g_ccol[0].u_cluster/u_matmul_unit/einsum_dot_return0__1_n_103
                         LUT5 (Prop_LUT5_I0_O)        0.125     4.272 r  g_crow[0].g_ccol[0].u_cluster/u_matmul_unit/output_payload[2]_i_52/O
                         net (fo=1, unplaced)         0.186     4.458    g_crow[0].g_ccol[0].u_cluster/u_matmul_unit/output_payload[2]_i_52_n_0
                         LUT6 (Prop_LUT6_I5_O)        0.038     4.496 r  g_crow[0].g_ccol[0].u_cluster/u_matmul_unit/output_payload[2]_i_30/O
                         net (fo=1, unplaced)         0.186     4.682    g_crow[0].g_ccol[0].u_cluster/u_matmul_unit/output_payload[2]_i_30_n_0
                         LUT3 (Prop_LUT3_I0_O)        0.038     4.720 r  g_crow[0].g_ccol[0].u_cluster/u_matmul_unit/output_payload[2]_i_13/O
                         net (fo=1, unplaced)         0.141     4.861    g_crow[0].g_ccol[0].u_cluster/u_matmul_unit/output_payload[2]_i_13_n_0
                         LUT6 (Prop_LUT6_I5_O)        0.100     4.961 r  g_crow[0].g_ccol[0].u_cluster/u_matmul_unit/output_payload[2]_i_4/O
                         net (fo=1, unplaced)         0.186     5.147    g_crow[0].g_ccol[0].u_cluster/u_matmul_unit/output_payload[2]_i_4_n_0
                         LUT6 (Prop_LUT6_I5_O)        0.038     5.185 r  g_crow[0].g_ccol[0].u_cluster/u_matmul_unit/output_payload[2]_i_1/O
                         net (fo=1, unplaced)         0.048     5.233    g_crow[0].g_ccol[0].u_cluster/u_matmul_unit/output_payload[2]_i_1_n_0
                         FDCE                                         r  g_crow[0].g_ccol[0].u_cluster/u_matmul_unit/output_payload_reg[2]/D
  -------------------------------------------------------------------    -------------------

                         (clock clk rise edge)       10.000    10.000 r  
                                                      0.000    10.000 r  clk (IN)
                         net (fo=14579, unset)        0.021    10.021    g_crow[0].g_ccol[0].u_cluster/u_matmul_unit/clk
                         FDCE                                         r  g_crow[0].g_ccol[0].u_cluster/u_matmul_unit/output_payload_reg[2]/C
                         clock pessimism              0.000    10.021    
                         clock uncertainty           -0.035     9.986    
                         FDCE (Setup_FDCE_C_D)        0.025    10.011    g_crow[0].g_ccol[0].u_cluster/u_matmul_unit/output_payload_reg[2]
  -------------------------------------------------------------------
                         required time                         10.011    
                         arrival time                          -5.233    
  -------------------------------------------------------------------
                         slack                                  4.778    





Min Delay Paths
--------------------------------------------------------------------------------------
Slack (MET) :             0.057ns  (arrival time - required time)
  Source:                 g_crow[0].g_ccol[0].u_cluster/u_ehdec/cb_wave_number_reg[2]/C
                            (rising edge-triggered cell FDCE clocked by clk  {rise@0.000ns fall@5.000ns period=10.000ns})
  Destination:            g_crow[0].g_ccol[0].u_cluster/u_ehdec/dec_wave_advanced_tag_reg[50]/D
                            (rising edge-triggered cell FDCE clocked by clk  {rise@0.000ns fall@5.000ns period=10.000ns})
  Path Group:             clk
  Path Type:              Hold (Min at Fast Process Corner)
  Requirement:            0.000ns  (clk rise@0.000ns - clk rise@0.000ns)
  Data Path Delay:        0.109ns  (logic 0.056ns (51.376%)  route 0.053ns (48.624%))
  Logic Levels:           1  (CARRY8=1)
  Clock Path Skew:        0.006ns (DCD - SCD - CPR)
    Destination Clock Delay (DCD):    0.019ns
    Source Clock Delay      (SCD):    0.013ns
    Clock Pessimism Removal (CPR):    -0.000ns

    Location             Delay type                Incr(ns)  Path(ns)    Netlist Resource(s)
  -------------------------------------------------------------------    -------------------
                         (clock clk rise edge)        0.000     0.000 r  
                                                      0.000     0.000 r  clk (IN)
                         net (fo=14579, unset)        0.013     0.013    g_crow[0].g_ccol[0].u_cluster/u_ehdec/clk
                         FDCE                                         r  g_crow[0].g_ccol[0].u_cluster/u_ehdec/cb_wave_number_reg[2]/C
  -------------------------------------------------------------------    -------------------
                         FDCE (Prop_FDCE_C_Q)         0.038     0.051 r  g_crow[0].g_ccol[0].u_cluster/u_ehdec/cb_wave_number_reg[2]/Q
                         net (fo=2, unplaced)         0.046     0.097    g_crow[0].g_ccol[0].u_cluster/u_ehdec/cb_wave_number[2]
                         CARRY8 (Prop_CARRY8_S[1]_O[1])
                                                      0.018     0.115 r  g_crow[0].g_ccol[0].u_cluster/u_ehdec/dec_wave_advanced_tag_reg[56]_i_1/O[1]
                         net (fo=1, unplaced)         0.007     0.122    g_crow[0].g_ccol[0].u_cluster/u_ehdec/wave_advanced_tag_c0[2]
                         FDCE                                         r  g_crow[0].g_ccol[0].u_cluster/u_ehdec/dec_wave_advanced_tag_reg[50]/D
  -------------------------------------------------------------------    -------------------

                         (clock clk rise edge)        0.000     0.000 r  
                                                      0.000     0.000 r  clk (IN)
                         net (fo=14579, unset)        0.019     0.019    g_crow[0].g_ccol[0].u_cluster/u_ehdec/clk
                         FDCE                                         r  g_crow[0].g_ccol[0].u_cluster/u_ehdec/dec_wave_advanced_tag_reg[50]/C
                         clock pessimism              0.000     0.019    
                         FDCE (Hold_FDCE_C_D)         0.046     0.065    g_crow[0].g_ccol[0].u_cluster/u_ehdec/dec_wave_advanced_tag_reg[50]
  -------------------------------------------------------------------
                         required time                         -0.065    
                         arrival time                           0.122    
  -------------------------------------------------------------------
                         slack                                  0.057    





Pulse Width Checks
--------------------------------------------------------------------------------------
Clock Name:         clk
Waveform(ns):       { 0.000 5.000 }
Period(ns):         10.000
Sources:            { clk }

Check Type        Corner  Lib Pin     Reference Pin  Required(ns)  Actual(ns)  Slack(ns)  Location  Pin
Min Period        n/a     SRL16E/CLK  n/a            1.064         10.000      8.936                g_crow[0].g_ccol[0].u_cluster/mu_target_s5_reg[0]_srl5_mu_target_s5_reg_c/CLK
Low Pulse Width   Slow    SRL16E/CLK  n/a            0.532         5.000       4.468                g_crow[0].g_ccol[0].u_cluster/mu_target_s5_reg[0]_srl5_mu_target_s5_reg_c/CLK
High Pulse Width  Slow    SRL16E/CLK  n/a            0.532         5.000       4.468                g_crow[0].g_ccol[0].u_cluster/mu_target_s5_reg[0]_srl5_mu_target_s5_reg_c/CLK



