Copyright 1986-2022 Xilinx, Inc. All Rights Reserved. Copyright 2022-2026 Advanced Micro Devices, Inc. All Rights Reserved.
--------------------------------------------------------------------------------------------------------------------------------------------------
| Tool Version      : Vivado v.2025.2.1 (lin64) Build 6403652 Thu Mar 19 13:47:00 MDT 2026
| Date              : Sun May  3 14:03:27 2026
| Host              : cachyos-ybi-tuf running 64-bit CachyOS
| Command           : report_timing_summary -file /home/ybi/WaveTensor/synth/reports/pod_2x2_2x2_impl_timing.rpt
| Design            : Pod
| Device            : xcau25p-ffvb676
| Speed File        : -2  PRODUCTION 1.29 05-01-2022
| Design State      : Routed
| Temperature Grade : E
--------------------------------------------------------------------------------------------------------------------------------------------------

Timing Summary Report

------------------------------------------------------------------------------------------------
| Timer Settings
| --------------
------------------------------------------------------------------------------------------------

  Enable Multi Corner Analysis               :  Yes
  Enable Pessimism Removal                   :  Yes
  Pessimism Removal Resolution               :  Nearest Common Node
  Enable Input Delay Default Clock           :  No
  Enable Preset / Clear Arcs                 :  No
  Disable Flight Delays                      :  No
  Ignore I/O Paths                           :  No
  Timing Early Launch at Borrowing Latches   :  No
  Borrow Time for Max Delay Exceptions       :  Yes
  Merge Timing Exceptions                    :  Yes
  Inter-SLR Compensation                     :  Conservative

  Corner  Analyze    Analyze    
  Name    Max Paths  Min Paths  
  ------  ---------  ---------  
  Slow    Yes        Yes        
  Fast    Yes        Yes        


------------------------------------------------------------------------------------------------
| Report Methodology
| ------------------
------------------------------------------------------------------------------------------------

Rule       Severity  Description                    Violations  
---------  --------  -----------------------------  ----------  
DPIR-2     Warning   Asynchronous driver check      3200        
SYNTH-10   Warning   Wide multiplier                72          
TIMING-18  Warning   Missing input or output delay  846         

Note: This report is based on the most recent report_methodology run and may not be up-to-date. Run report_methodology on the current design for the latest report.



check_timing report

Table of Contents
-----------------
1. checking no_clock (0)
2. checking constant_clock (0)
3. checking pulse_width_clock (0)
4. checking unconstrained_internal_endpoints (0)
5. checking no_input_delay (619)
6. checking no_output_delay (212)
7. checking multiple_clock (0)
8. checking generated_clocks (0)
9. checking loops (0)
10. checking partial_input_delay (0)
11. checking partial_output_delay (0)
12. checking latch_loops (0)

1. checking no_clock (0)
------------------------
 There are 0 register/latch pins with no clock.


2. checking constant_clock (0)
------------------------------
 There are 0 register/latch pins with constant_clock.


3. checking pulse_width_clock (0)
---------------------------------
 There are 0 register/latch pins which need pulse_width check


4. checking unconstrained_internal_endpoints (0)
------------------------------------------------
 There are 0 pins that are not constrained for maximum delay.

 There are 0 pins that are not constrained for maximum delay due to constant clock.


5. checking no_input_delay (619)
--------------------------------
 There are 618 input ports with no input delay specified. (HIGH)

 There is 1 input port with no input delay but user has a false path constraint. (MEDIUM)


6. checking no_output_delay (212)
---------------------------------
 There are 212 ports with no output delay specified. (HIGH)

 There are 0 ports with no output delay but user has a false path constraint

 There are 0 ports with no output delay but with a timing clock defined on it or propagating through it


7. checking multiple_clock (0)
------------------------------
 There are 0 register/latch pins with multiple clocks.


8. checking generated_clocks (0)
--------------------------------
 There are 0 generated clocks that are not connected to a clock source.


9. checking loops (0)
---------------------
 There are 0 combinational loops in the design.


10. checking partial_input_delay (0)
------------------------------------
 There are 0 input ports with partial input delay specified.


11. checking partial_output_delay (0)
-------------------------------------
 There are 0 ports with partial output delay specified.


12. checking latch_loops (0)
----------------------------
 There are 0 combinational latch loops in the design through latch input



------------------------------------------------------------------------------------------------
| Design Timing Summary
| ---------------------
------------------------------------------------------------------------------------------------

    WNS(ns)      TNS(ns)  TNS Failing Endpoints  TNS Total Endpoints      WHS(ns)      THS(ns)  THS Failing Endpoints  THS Total Endpoints     WPWS(ns)     TPWS(ns)  TPWS Failing Endpoints  TPWS Total Endpoints  
    -------      -------  ---------------------  -------------------      -------      -------  ---------------------  -------------------     --------     --------  ----------------------  --------------------  
      2.058        0.000                      0                26872        0.043        0.000                      0                26872        4.468        0.000                       0                 14340  


All user specified timing constraints are met.


------------------------------------------------------------------------------------------------
| Clock Summary
| -------------
------------------------------------------------------------------------------------------------

Clock  Waveform(ns)       Period(ns)      Frequency(MHz)
-----  ------------       ----------      --------------
clk    {0.000 5.000}      10.000          100.000         


------------------------------------------------------------------------------------------------
| Intra Clock Table
| -----------------
------------------------------------------------------------------------------------------------

Clock             WNS(ns)      TNS(ns)  TNS Failing Endpoints  TNS Total Endpoints      WHS(ns)      THS(ns)  THS Failing Endpoints  THS Total Endpoints     WPWS(ns)     TPWS(ns)  TPWS Failing Endpoints  TPWS Total Endpoints  
-----             -------      -------  ---------------------  -------------------      -------      -------  ---------------------  -------------------     --------     --------  ----------------------  --------------------  
clk                 2.058        0.000                      0                26872        0.043        0.000                      0                26872        4.468        0.000                       0                 14340  


------------------------------------------------------------------------------------------------
| Inter Clock Table
| -----------------
------------------------------------------------------------------------------------------------

From Clock    To Clock          WNS(ns)      TNS(ns)  TNS Failing Endpoints  TNS Total Endpoints      WHS(ns)      THS(ns)  THS Failing Endpoints  THS Total Endpoints  
----------    --------          -------      -------  ---------------------  -------------------      -------      -------  ---------------------  -------------------  


------------------------------------------------------------------------------------------------
| Other Path Groups Table
| -----------------------
------------------------------------------------------------------------------------------------

Path Group    From Clock    To Clock          WNS(ns)      TNS(ns)  TNS Failing Endpoints  TNS Total Endpoints      WHS(ns)      THS(ns)  THS Failing Endpoints  THS Total Endpoints  
----------    ----------    --------          -------      -------  ---------------------  -------------------      -------      -------  ---------------------  -------------------  


------------------------------------------------------------------------------------------------
| Timing Details
| --------------
------------------------------------------------------------------------------------------------


---------------------------------------------------------------------------------------------------
From Clock:  clk
  To Clock:  clk

Setup :            0  Failing Endpoints,  Worst Slack        2.058ns,  Total Violation        0.000ns
Hold  :            0  Failing Endpoints,  Worst Slack        0.043ns,  Total Violation        0.000ns
PW    :            0  Failing Endpoints,  Worst Slack        4.468ns,  Total Violation        0.000ns
---------------------------------------------------------------------------------------------------


Max Delay Paths
--------------------------------------------------------------------------------------
Slack (MET) :             2.058ns  (required time - arrival time)
  Source:                 g_crow[1].g_ccol[0].u_cluster/u_ehdec/dec_input_payload_reg[50]/C
                            (rising edge-triggered cell FDCE clocked by clk  {rise@0.000ns fall@5.000ns period=10.000ns})
  Destination:            g_crow[1].g_ccol[0].u_cluster/u_matmul_unit/output_payload_reg[62]/D
                            (rising edge-triggered cell FDCE clocked by clk  {rise@0.000ns fall@5.000ns period=10.000ns})
  Path Group:             clk
  Path Type:              Setup (Max at Slow Process Corner)
  Requirement:            10.000ns  (clk rise@10.000ns - clk rise@0.000ns)
  Data Path Delay:        7.923ns  (logic 3.224ns (40.692%)  route 4.699ns (59.308%))
  Logic Levels:           18  (CARRY8=5 DSP_A_B_DATA=1 DSP_ALU=2 DSP_M_DATA=1 DSP_MULTIPLIER=1 DSP_OUTPUT=2 DSP_PREADD_DATA=1 LUT2=1 LUT3=1 LUT5=1 LUT6=2)
  Clock Path Skew:        -0.009ns (DCD - SCD + CPR)
    Destination Clock Delay (DCD):    0.021ns = ( 10.021 - 10.000 ) 
    Source Clock Delay      (SCD):    0.030ns
    Clock Pessimism Removal (CPR):    0.000ns
  Clock Uncertainty:      0.035ns  ((TSJ^2 + TIJ^2)^1/2 + DJ) / 2 + PE
    Total System Jitter     (TSJ):    0.071ns
    Total Input Jitter      (TIJ):    0.000ns
    Discrete Jitter          (DJ):    0.000ns
    Phase Error              (PE):    0.000ns

    Location             Delay type                Incr(ns)  Path(ns)    Netlist Resource(s)
  -------------------------------------------------------------------    -------------------
                         (clock clk rise edge)        0.000     0.000 r  
                                                      0.000     0.000 r  clk (IN)
                         net (fo=14579, unset)        0.030     0.030    g_crow[1].g_ccol[0].u_cluster/u_ehdec/clk
    SLICE_X107Y107       FDCE                                         r  g_crow[1].g_ccol[0].u_cluster/u_ehdec/dec_input_payload_reg[50]/C
  -------------------------------------------------------------------    -------------------
    SLICE_X107Y107       FDCE (Prop_GFF2_SLICEM_C_Q)
                                                      0.079     0.109 f  g_crow[1].g_ccol[0].u_cluster/u_ehdec/dec_input_payload_reg[50]/Q
                         net (fo=329, routed)         3.011     3.120    g_crow[1].g_ccol[0].u_cluster/u_matmul_unit/euclid_norm_sq_return0/B[1]
    DSP48E2_X8Y28        DSP_A_B_DATA (Prop_DSP_A_B_DATA_DSP48E2_B[1]_B2_DATA[1])
                                                      0.151     3.271 r  g_crow[1].g_ccol[0].u_cluster/u_matmul_unit/euclid_norm_sq_return0/DSP_A_B_DATA_INST/B2_DATA[1]
                         net (fo=1, routed)           0.000     3.271    g_crow[1].g_ccol[0].u_cluster/u_matmul_unit/euclid_norm_sq_return0/DSP_A_B_DATA.B2_DATA<1>
    DSP48E2_X8Y28        DSP_PREADD_DATA (Prop_DSP_PREADD_DATA_DSP48E2_B2_DATA[1]_B2B1[1])
                                                      0.073     3.344 r  g_crow[1].g_ccol[0].u_cluster/u_matmul_unit/euclid_norm_sq_return0/DSP_PREADD_DATA_INST/B2B1[1]
                         net (fo=1, routed)           0.000     3.344    g_crow[1].g_ccol[0].u_cluster/u_matmul_unit/euclid_norm_sq_return0/DSP_PREADD_DATA.B2B1<1>
    DSP48E2_X8Y28        DSP_MULTIPLIER (Prop_DSP_MULTIPLIER_DSP48E2_B2B1[1]_V[32])
                                                      0.609     3.953 f  g_crow[1].g_ccol[0].u_cluster/u_matmul_unit/euclid_norm_sq_return0/DSP_MULTIPLIER_INST/V[32]
                         net (fo=1, routed)           0.000     3.953    g_crow[1].g_ccol[0].u_cluster/u_matmul_unit/euclid_norm_sq_return0/DSP_MULTIPLIER.V<32>
    DSP48E2_X8Y28        DSP_M_DATA (Prop_DSP_M_DATA_DSP48E2_V[32]_V_DATA[32])
                                                      0.046     3.999 r  g_crow[1].g_ccol[0].u_cluster/u_matmul_unit/euclid_norm_sq_return0/DSP_M_DATA_INST/V_DATA[32]
                         net (fo=1, routed)           0.000     3.999    g_crow[1].g_ccol[0].u_cluster/u_matmul_unit/euclid_norm_sq_return0/DSP_M_DATA.V_DATA<32>
    DSP48E2_X8Y28        DSP_ALU (Prop_DSP_ALU_DSP48E2_V_DATA[32]_ALU_OUT[47])
                                                      0.571     4.570 f  g_crow[1].g_ccol[0].u_cluster/u_matmul_unit/euclid_norm_sq_return0/DSP_ALU_INST/ALU_OUT[47]
                         net (fo=1, routed)           0.000     4.570    g_crow[1].g_ccol[0].u_cluster/u_matmul_unit/euclid_norm_sq_return0/DSP_ALU.ALU_OUT<47>
    DSP48E2_X8Y28        DSP_OUTPUT (Prop_DSP_OUTPUT_DSP48E2_ALU_OUT[47]_PCOUT[47])
                                                      0.122     4.692 r  g_crow[1].g_ccol[0].u_cluster/u_matmul_unit/euclid_norm_sq_return0/DSP_OUTPUT_INST/PCOUT[47]
                         net (fo=1, routed)           0.014     4.706    g_crow[1].g_ccol[0].u_cluster/u_matmul_unit/euclid_norm_sq_return0__0/PCIN[47]
    DSP48E2_X8Y29        DSP_ALU (Prop_DSP_ALU_DSP48E2_PCIN[47]_ALU_OUT[4])
                                                      0.546     5.252 f  g_crow[1].g_ccol[0].u_cluster/u_matmul_unit/euclid_norm_sq_return0__0/DSP_ALU_INST/ALU_OUT[4]
                         net (fo=1, routed)           0.000     5.252    g_crow[1].g_ccol[0].u_cluster/u_matmul_unit/euclid_norm_sq_return0__0/DSP_ALU.ALU_OUT<4>
    DSP48E2_X8Y29        DSP_OUTPUT (Prop_DSP_OUTPUT_DSP48E2_ALU_OUT[4]_P[4])
                                                      0.109     5.361 r  g_crow[1].g_ccol[0].u_cluster/u_matmul_unit/euclid_norm_sq_return0__0/DSP_OUTPUT_INST/P[4]
                         net (fo=1, routed)           0.337     5.698    g_crow[1].g_ccol[0].u_cluster/u_matmul_unit/euclid_norm_sq_return0__0_n_101
    SLICE_X51Y72         LUT2 (Prop_G6LUT_SLICEL_I1_O)
                                                      0.097     5.795 r  g_crow[1].g_ccol[0].u_cluster/u_matmul_unit/output_payload[37]_i_54/O
                         net (fo=1, routed)           0.008     5.803    g_crow[1].g_ccol[0].u_cluster/u_matmul_unit/output_payload[37]_i_54_n_0
    SLICE_X51Y72         CARRY8 (Prop_CARRY8_SLICEL_S[6]_CO[7])
                                                      0.115     5.918 r  g_crow[1].g_ccol[0].u_cluster/u_matmul_unit/output_payload_reg[37]_i_40/CO[7]
                         net (fo=1, routed)           0.026     5.944    g_crow[1].g_ccol[0].u_cluster/u_matmul_unit/output_payload_reg[37]_i_40_n_0
    SLICE_X51Y73         CARRY8 (Prop_CARRY8_SLICEL_CI_O[2])
                                                      0.067     6.011 r  g_crow[1].g_ccol[0].u_cluster/u_matmul_unit/output_payload_reg[52]_i_68/O[2]
                         net (fo=1, routed)           0.236     6.247    g_crow[1].g_ccol[0].u_cluster/u_matmul_unit/output_payload_reg[52]_i_68_n_13
    SLICE_X52Y73         LUT6 (Prop_C6LUT_SLICEM_I5_O)
                                                      0.123     6.370 r  g_crow[1].g_ccol[0].u_cluster/u_matmul_unit/output_payload[52]_i_52/O
                         net (fo=1, routed)           0.021     6.391    g_crow[1].g_ccol[0].u_cluster/u_matmul_unit/output_payload[52]_i_52_n_0
    SLICE_X52Y73         CARRY8 (Prop_CARRY8_SLICEM_S[2]_CO[7])
                                                      0.161     6.552 r  g_crow[1].g_ccol[0].u_cluster/u_matmul_unit/output_payload_reg[52]_i_14/CO[7]
                         net (fo=1, routed)           0.026     6.578    g_crow[1].g_ccol[0].u_cluster/u_matmul_unit/output_payload_reg[52]_i_14_n_0
    SLICE_X52Y74         CARRY8 (Prop_CARRY8_SLICEM_CI_CO[7])
                                                      0.015     6.593 r  g_crow[1].g_ccol[0].u_cluster/u_matmul_unit/output_payload_reg[52]_i_8/CO[7]
                         net (fo=1, routed)           0.026     6.619    g_crow[1].g_ccol[0].u_cluster/u_matmul_unit/output_payload_reg[52]_i_8_n_0
    SLICE_X52Y75         CARRY8 (Prop_CARRY8_SLICEM_CI_O[6])
                                                      0.103     6.722 r  g_crow[1].g_ccol[0].u_cluster/u_matmul_unit/output_payload_reg[60]_i_8/O[6]
                         net (fo=1, routed)           0.430     7.152    g_crow[1].g_ccol[0].u_cluster/u_matmul_unit/output_payload_reg[60]_i_8_n_9
    SLICE_X62Y76         LUT3 (Prop_D5LUT_SLICEM_I2_O)
                                                      0.110     7.262 r  g_crow[1].g_ccol[0].u_cluster/u_matmul_unit/output_payload[62]_i_5/O
                         net (fo=1, routed)           0.179     7.441    g_crow[1].g_ccol[0].u_cluster/u_matmul_unit/output_payload[62]_i_5_n_0
    SLICE_X62Y76         LUT6 (Prop_H6LUT_SLICEM_I1_O)
                                                      0.039     7.480 r  g_crow[1].g_ccol[0].u_cluster/u_matmul_unit/output_payload[62]_i_2/O
                         net (fo=1, routed)           0.313     7.793    g_crow[1].g_ccol[0].u_cluster/u_matmul_unit/output_payload[62]_i_2_n_0
    SLICE_X66Y86         LUT5 (Prop_D6LUT_SLICEM_I2_O)
                                                      0.088     7.881 r  g_crow[1].g_ccol[0].u_cluster/u_matmul_unit/output_payload[62]_i_1/O
                         net (fo=1, routed)           0.072     7.953    g_crow[1].g_ccol[0].u_cluster/u_matmul_unit/output_payload[62]_i_1_n_0
    SLICE_X66Y86         FDCE                                         r  g_crow[1].g_ccol[0].u_cluster/u_matmul_unit/output_payload_reg[62]/D
  -------------------------------------------------------------------    -------------------

                         (clock clk rise edge)       10.000    10.000 r  
                                                      0.000    10.000 r  clk (IN)
                         net (fo=14579, unset)        0.021    10.021    g_crow[1].g_ccol[0].u_cluster/u_matmul_unit/clk
    SLICE_X66Y86         FDCE                                         r  g_crow[1].g_ccol[0].u_cluster/u_matmul_unit/output_payload_reg[62]/C
                         clock pessimism              0.000    10.021    
                         clock uncertainty           -0.035     9.986    
    SLICE_X66Y86         FDCE (Setup_DFF_SLICEM_C_D)
                                                      0.025    10.011    g_crow[1].g_ccol[0].u_cluster/u_matmul_unit/output_payload_reg[62]
  -------------------------------------------------------------------
                         required time                         10.011    
                         arrival time                          -7.953    
  -------------------------------------------------------------------
                         slack                                  2.058    





Min Delay Paths
--------------------------------------------------------------------------------------
Slack (MET) :             0.043ns  (arrival time - required time)
  Source:                 g_crow[1].g_ccol[0].u_cluster/u_div_unit/div_dividend_reg[27]/C
                            (rising edge-triggered cell FDRE clocked by clk  {rise@0.000ns fall@5.000ns period=10.000ns})
  Destination:            g_crow[1].g_ccol[0].u_cluster/u_div_unit/div_dividend_reg[28]/D
                            (rising edge-triggered cell FDRE clocked by clk  {rise@0.000ns fall@5.000ns period=10.000ns})
  Path Group:             clk
  Path Type:              Hold (Min at Fast Process Corner)
  Requirement:            0.000ns  (clk rise@0.000ns - clk rise@0.000ns)
  Data Path Delay:        0.095ns  (logic 0.053ns (55.879%)  route 0.042ns (44.121%))
  Logic Levels:           1  (LUT5=1)
  Clock Path Skew:        0.006ns (DCD - SCD - CPR)
    Destination Clock Delay (DCD):    0.018ns
    Source Clock Delay      (SCD):    0.012ns
    Clock Pessimism Removal (CPR):    -0.000ns

    Location             Delay type                Incr(ns)  Path(ns)    Netlist Resource(s)
  -------------------------------------------------------------------    -------------------
                         (clock clk rise edge)        0.000     0.000 r  
                                                      0.000     0.000 r  clk (IN)
                         net (fo=14579, unset)        0.012     0.012    g_crow[1].g_ccol[0].u_cluster/u_div_unit/clk
    SLICE_X72Y113        FDRE                                         r  g_crow[1].g_ccol[0].u_cluster/u_div_unit/div_dividend_reg[27]/C
  -------------------------------------------------------------------    -------------------
    SLICE_X72Y113        FDRE (Prop_DFF_SLICEL_C_Q)
                                                      0.039     0.051 r  g_crow[1].g_ccol[0].u_cluster/u_div_unit/div_dividend_reg[27]/Q
                         net (fo=3, routed)           0.025     0.076    g_crow[1].g_ccol[0].u_cluster/u_div_unit/div_dividend_reg_n_0_[27]
    SLICE_X72Y113        LUT5 (Prop_C6LUT_SLICEL_I3_O)
                                                      0.014     0.090 r  g_crow[1].g_ccol[0].u_cluster/u_div_unit/div_dividend[28]_i_1/O
                         net (fo=1, routed)           0.017     0.107    g_crow[1].g_ccol[0].u_cluster/u_div_unit/div_dividend[28]_i_1_n_0
    SLICE_X72Y113        FDRE                                         r  g_crow[1].g_ccol[0].u_cluster/u_div_unit/div_dividend_reg[28]/D
  -------------------------------------------------------------------    -------------------

                         (clock clk rise edge)        0.000     0.000 r  
                                                      0.000     0.000 r  clk (IN)
                         net (fo=14579, unset)        0.018     0.018    g_crow[1].g_ccol[0].u_cluster/u_div_unit/clk
    SLICE_X72Y113        FDRE                                         r  g_crow[1].g_ccol[0].u_cluster/u_div_unit/div_dividend_reg[28]/C
                         clock pessimism              0.000     0.018    
    SLICE_X72Y113        FDRE (Hold_CFF_SLICEL_C_D)
                                                      0.046     0.064    g_crow[1].g_ccol[0].u_cluster/u_div_unit/div_dividend_reg[28]
  -------------------------------------------------------------------
                         required time                         -0.064    
                         arrival time                           0.107    
  -------------------------------------------------------------------
                         slack                                  0.043    





Pulse Width Checks
--------------------------------------------------------------------------------------
Clock Name:         clk
Waveform(ns):       { 0.000 5.000 }
Period(ns):         10.000
Sources:            { clk }

Check Type        Corner  Lib Pin     Reference Pin  Required(ns)  Actual(ns)  Slack(ns)  Location       Pin
Min Period        n/a     SRL16E/CLK  n/a            1.064         10.000      8.936      SLICE_X25Y137  g_crow[0].g_ccol[0].u_cluster/mu_target_s5_reg[0]_srl5_mu_target_s5_reg_c/CLK
Low Pulse Width   Slow    SRL16E/CLK  n/a            0.532         5.000       4.468      SLICE_X25Y137  g_crow[0].g_ccol[0].u_cluster/mu_target_s5_reg[0]_srl5_mu_target_s5_reg_c/CLK
High Pulse Width  Slow    SRL16E/CLK  n/a            0.532         5.000       4.468      SLICE_X25Y137  g_crow[0].g_ccol[0].u_cluster/mu_target_s5_reg[0]_srl5_mu_target_s5_reg_c/CLK



