Copyright 1986-2022 Xilinx, Inc. All Rights Reserved. Copyright 2022-2026 Advanced Micro Devices, Inc. All Rights Reserved.
-------------------------------------------------------------------------------------------------------------------------------------------------
| Tool Version     : Vivado v.2025.2.1 (lin64) Build 6403652 Thu Mar 19 13:47:00 MDT 2026
| Date             : Sun May  3 14:03:38 2026
| Host             : cachyos-ybi-tuf running 64-bit CachyOS
| Command          : report_power -file /home/ybi/WaveTensor/synth/reports/pod_2x2_2x2_impl_power.rpt
| Design           : Pod
| Device           : xcau25p-ffvb676-2-e
| Design State     : routed
| Grade            : extended
| Process          : typical
| Characterization : Production
-------------------------------------------------------------------------------------------------------------------------------------------------

Power Report

Table of Contents
-----------------
1. Summary
1.1 On-Chip Components
1.2 Power Supply Summary
1.3 Confidence Level
2. Settings
2.1 Environment
2.2 Clock Constraints
3. Detailed Reports
3.1 By Hierarchy

1. Summary
----------

+--------------------------+--------------+
| Total On-Chip Power (W)  | 0.623        |
| Design Power Budget (W)  | Unspecified* |
| Power Budget Margin (W)  | NA           |
| Dynamic (W)              | 0.171        |
| Device Static (W)        | 0.452        |
| Effective TJA (C/W)      | 1.7          |
| Max Ambient (C)          | 98.9         |
| Junction Temperature (C) | 26.1         |
| Confidence Level         | Medium       |
| Setting File             | ---          |
| Simulation Activity File | ---          |
| Design Nets Matched      | NA           |
+--------------------------+--------------+
* Specify Design Power Budget using, set_operating_conditions -design_power_budget <value in Watts>


1.1 On-Chip Components
----------------------

+-------------------------+-----------+----------+-----------+-----------------+
| On-Chip                 | Power (W) | Used     | Available | Utilization (%) |
+-------------------------+-----------+----------+-----------+-----------------+
| Clocks                  |     0.035 |        3 |       --- |             --- |
| CLB Logic               |     0.057 |    86793 |       --- |             --- |
|   LUT as Logic          |     0.053 |    61874 |    141000 |           43.88 |
|   CARRY8                |     0.002 |     1252 |     27120 |            4.62 |
|   Register              |     0.001 |    14300 |    282000 |            5.07 |
|   LUT as Shift Register |    <0.001 |       40 |     99840 |            0.04 |
|   Others                |     0.000 |       93 |       --- |             --- |
|   F7/F8 Muxes           |     0.000 |      432 |    216960 |            0.20 |
| Signals                 |     0.058 |    82713 |       --- |             --- |
| DSPs                    |     0.021 |      140 |      1200 |           11.67 |
| Static Power            |     0.452 |          |           |                 |
| Total                   |     0.623 |          |           |                 |
+-------------------------+-----------+----------+-----------+-----------------+


1.2 Power Supply Summary
------------------------

+------------------+-------------+-----------+-------------+------------+-------------+-------------+------------+
| Source           | Voltage (V) | Total (A) | Dynamic (A) | Static (A) | Powerup (A) | Budget (A)  | Margin (A) |
+------------------+-------------+-----------+-------------+------------+-------------+-------------+------------+
| Vccint           |       0.850 |     0.340 |       0.201 |      0.139 |       NA    | Unspecified | NA         |
| Vccint_io        |       0.850 |     0.035 |       0.000 |      0.035 |       NA    | Unspecified | NA         |
| Vccbram          |       0.850 |     0.002 |       0.000 |      0.002 |       NA    | Unspecified | NA         |
| Vccaux           |       1.800 |     0.128 |       0.000 |      0.128 |       NA    | Unspecified | NA         |
| Vccaux_io        |       1.800 |     0.031 |       0.000 |      0.031 |       NA    | Unspecified | NA         |
| Vcco33           |       3.300 |     0.000 |       0.000 |      0.000 |       NA    | Unspecified | NA         |
| Vcco25           |       2.500 |     0.000 |       0.000 |      0.000 |       NA    | Unspecified | NA         |
| Vcco18           |       1.800 |     0.000 |       0.000 |      0.000 |       NA    | Unspecified | NA         |
| Vcco15           |       1.500 |     0.000 |       0.000 |      0.000 |       NA    | Unspecified | NA         |
| Vcco135          |       1.350 |     0.000 |       0.000 |      0.000 |       NA    | Unspecified | NA         |
| Vcco12           |       1.200 |     0.000 |       0.000 |      0.000 |       NA    | Unspecified | NA         |
| Vcco10           |       1.000 |     0.000 |       0.000 |      0.000 |       NA    | Unspecified | NA         |
| Vccadc           |       1.800 |     0.008 |       0.000 |      0.008 |       NA    | Unspecified | NA         |
| VMGTAVCC (GTY)   |       0.900 |     0.000 |       0.000 |      0.000 |       NA    | Unspecified | NA         |
| VMGTAVTT (GTY)   |       1.200 |     0.000 |       0.000 |      0.000 |       NA    | Unspecified | NA         |
| VMGTVCCAUX (GTY) |       1.800 |     0.000 |       0.000 |      0.000 |       NA    | Unspecified | NA         |
+------------------+-------------+-----------+-------------+------------+-------------+-------------+------------+


1.3 Confidence Level
--------------------

+-----------------------------+------------+------------------------------------------------+------------------------------------------------------------------------------------------------------------+
| User Input Data             | Confidence | Details                                        | Action                                                                                                     |
+-----------------------------+------------+------------------------------------------------+------------------------------------------------------------------------------------------------------------+
| Design implementation state | High       | Design is routed                               |                                                                                                            |
| Clock nodes activity        | High       | User specified more than 95% of clocks         |                                                                                                            |
| I/O nodes activity          | High       | User specified more than 95% of inputs         |                                                                                                            |
| Internal nodes activity     | Medium     | User specified less than 25% of internal nodes | Provide missing internal nodes activity with simulation results or by editing the "By Resource Type" views |
| Device models               | High       | Device models are Production                   |                                                                                                            |
|                             |            |                                                |                                                                                                            |
| Overall confidence level    | Medium     |                                                |                                                                                                            |
+-----------------------------+------------+------------------------------------------------+------------------------------------------------------------------------------------------------------------+


2. Settings
-----------

2.1 Environment
---------------

+-----------------------+--------------------------+
| Ambient Temp (C)      | 25.0                     |
| ThetaJA (C/W)         | 1.7                      |
| Airflow (LFM)         | 250                      |
| Heat Sink             | medium (Medium Profile)  |
| ThetaSA (C/W)         | 2.8                      |
| Board Selection       | medium (10"x10")         |
| # of Board Layers     | 12to15 (12 to 15 Layers) |
| Board Temperature (C) | 25.0                     |
+-----------------------+--------------------------+


2.2 Clock Constraints
---------------------

+-------+--------+-----------------+
| Clock | Domain | Constraint (ns) |
+-------+--------+-----------------+
| clk   | clk    |            10.0 |
+-------+--------+-----------------+


3. Detailed Reports
-------------------

3.1 By Hierarchy
----------------

+---------------------------------+-----------+
| Name                            | Power (W) |
+---------------------------------+-----------+
| Pod                             |     0.171 |
|   g_crow[0].g_ccol[0].u_cluster |     0.043 |
|     g_row[0].g_col[0].u_lpe     |     0.002 |
|     g_row[0].g_col[1].u_lpe     |     0.002 |
|     g_row[1].g_col[0].u_lpe     |     0.002 |
|     g_row[1].g_col[1].u_lpe     |     0.002 |
|     u_div_unit                  |     0.004 |
|     u_ehdec                     |     0.013 |
|     u_matmul_unit               |     0.013 |
|   g_crow[0].g_ccol[1].u_cluster |     0.042 |
|     g_row[0].g_col[0].u_lpe     |     0.002 |
|     g_row[0].g_col[1].u_lpe     |     0.002 |
|     g_row[1].g_col[0].u_lpe     |     0.002 |
|     g_row[1].g_col[1].u_lpe     |     0.002 |
|     u_div_unit                  |     0.004 |
|     u_ehdec                     |     0.013 |
|     u_matmul_unit               |     0.013 |
|   g_crow[1].g_ccol[0].u_cluster |     0.042 |
|     g_row[0].g_col[0].u_lpe     |     0.002 |
|     g_row[0].g_col[1].u_lpe     |     0.002 |
|     g_row[1].g_col[0].u_lpe     |     0.002 |
|     g_row[1].g_col[1].u_lpe     |     0.002 |
|     u_div_unit                  |     0.004 |
|     u_ehdec                     |     0.013 |
|     u_matmul_unit               |     0.013 |
|   g_crow[1].g_ccol[1].u_cluster |     0.043 |
|     g_row[0].g_col[0].u_lpe     |     0.002 |
|     g_row[0].g_col[1].u_lpe     |     0.002 |
|     g_row[1].g_col[0].u_lpe     |     0.002 |
|     g_row[1].g_col[1].u_lpe     |     0.002 |
|     u_div_unit                  |     0.004 |
|     u_ehdec                     |     0.012 |
|     u_matmul_unit               |     0.013 |
+---------------------------------+-----------+


